ALSA_GOBJECT_0_0_0 {
  global:
    "alsatimer_class_get_type";
    "alsatimer_slave_class_get_type";
    "alsatimer_specific_global_device_get_type";
    "alsatimer_device_info_flag_get_type";
    "alsatimer_instance_param_flag_get_type";
    "alsatimer_event_type_get_type";
    "alsatimer_event_data_type_get_type";

    "alsatimer_get_sysname";
    "alsatimer_get_devnode";
    "alsatimer_get_device_id_list";
    "alsatimer_get_device_info";
    "alsatimer_get_device_status";
    "alsatimer_get_tstamp_source";

    "alsatimer_device_id_get_type";
    "alsatimer_device_id_new";
    "alsatimer_device_id_get_class";
    "alsatimer_device_id_get_card_id";
    "alsatimer_device_id_get_device_id";
    "alsatimer_device_id_get_subdevice_id";

    "alsatimer_device_info_get_type";

    "alsatimer_device_status_get_type";

    "alsatimer_device_params_get_type";
    "alsatimer_device_params_new";

    "alsatimer_user_instance_get_type";
    "alsatimer_user_instance_new";
    "alsatimer_user_instance_open";
    "alsatimer_user_instance_attach";
    "alsatimer_user_instance_attach_as_slave";
    "alsatimer_user_instance_get_info";
    "alsatimer_user_instance_set_params";
    "alsatimer_user_instance_get_status";
    "alsatimer_user_instance_create_source";
    "alsatimer_user_instance_start";
    "alsatimer_user_instance_stop";
    "alsatimer_user_instance_pause";
    "alsatimer_user_instance_continue";

    "alsatimer_instance_info_get_type";

    "alsatimer_instance_params_get_type";
    "alsatimer_instance_params_new";
    "alsatimer_instance_params_set_event_filter";
    "alsatimer_instance_params_get_event_filter";

    "alsatimer_instance_status_get_type";
    "alsatimer_instance_status_get_tstamp";

    "alsatimer_event_data_tick_get_type";
    "alsatimer_event_data_tick_get_resolution";
    "alsatimer_event_data_tick_get_ticks";

    "alsatimer_event_data_tstamp_get_type";
    "alsatimer_event_data_tstamp_get_event";
    "alsatimer_event_data_tstamp_get_tstamp";
    "alsatimer_event_data_tstamp_get_val";

    "alsatimer_event_get_type";
    "alsatimer_event_get_tick_data";
    "alsatimer_event_get_tstamp_data";
  local:
    *;
};
