ALSA_GOBJECT_0_0_0 {
  global:
    "alsactl_elem_type_get_type";
    "alsactl_elem_iface_type_get_type";
    "alsactl_elem_access_flag_get_type";
    "alsactl_event_type_get_type";
    "alsactl_event_mask_flag_get_type";

    "alsactl_get_card_id_list";
    "alsactl_get_card_sysname";
    "alsactl_get_control_sysname";
    "alsactl_get_control_devnode";

    "alsactl_card_get_type";
    "alsactl_card_new";
    "alsactl_card_open";
    "alsactl_card_get_info";
    "alsactl_card_get_elem_id_list";
    "alsactl_card_lock_elem";

    "alsactl_card_info_get_type";

    "alsactl_elem_id_get_type";
    "alsactl_elem_id_new_by_numid";
    "alsactl_elem_id_new_by_name";
    "alsactl_elem_id_get_numid";
    "alsactl_elem_id_get_iface";
    "alsactl_elem_id_get_device_id";
    "alsactl_elem_id_get_subdevice_id";
    "alsactl_elem_id_get_name";
    "alsactl_elem_id_get_index";

    "alsactl_elem_info_get_type";

    "alsactl_elem_info_bool_get_type";
    "alsactl_elem_info_bool_new";

    "alsactl_elem_info_int_get_type";
    "alsactl_elem_info_int_new";

    "alsactl_elem_info_enum_get_type";
    "alsactl_elem_info_enum_new";

    "alsactl_elem_info_bytes_get_type";
    "alsactl_elem_info_bytes_new";

    "alsactl_elem_info_iec60958_get_type";
  local:
    *;
};
