ALSA_GOBJECT_0_0_0 {
  global:
    "alsactl_elem_type_get_type";
    "alsactl_elem_iface_type_get_type";
    "alsactl_elem_access_flag_get_type";
    "alsactl_event_type_get_type";
    "alsactl_elem_event_mask_get_type";

    "alsactl_get_card_id_list";
    "alsactl_get_card_sysname";
    "alsactl_get_control_sysname";
    "alsactl_get_control_devnode";

    "alsactl_card_get_type";
    "alsactl_card_new";
    "alsactl_card_open";
    "alsactl_card_get_info";
    "alsactl_card_get_elem_id_list";
    "alsactl_card_lock_elem";
    "alsactl_card_get_elem_info";
    "alsactl_card_write_elem_tlv";
    "alsactl_card_read_elem_tlv";
    "alsactl_card_command_elem_tlv";
    "alsactl_card_add_elems";
    "alsactl_card_replace_elems";
    "alsactl_card_remove_elems";
    "alsactl_card_write_elem_value";
    "alsactl_card_read_elem_value";
    "alsactl_card_create_source";
    "alsactl_sigs_marshal_VOID__BOXED_FLAGS";

    "alsactl_card_info_get_type";

    "alsactl_elem_id_get_type";
    "alsactl_elem_id_new_by_numid";
    "alsactl_elem_id_new_by_name";
    "alsactl_elem_id_get_numid";
    "alsactl_elem_id_get_iface";
    "alsactl_elem_id_get_device_id";
    "alsactl_elem_id_get_subdevice_id";
    "alsactl_elem_id_get_name";
    "alsactl_elem_id_get_index";
    "alsactl_elem_id_equal";

    "alsactl_elem_info_get_type";
    "alsactl_elem_info_get_int_data";
    "alsactl_elem_info_set_int_data";
    "alsactl_elem_info_get_int64_data";
    "alsactl_elem_info_set_int64_data";
    "alsactl_elem_info_get_enum_data";
    "alsactl_elem_info_set_enum_data";

    "alsactl_elem_info_bool_get_type";
    "alsactl_elem_info_bool_new";

    "alsactl_elem_info_int_get_type";
    "alsactl_elem_info_int_new";

    "alsactl_elem_info_enum_get_type";
    "alsactl_elem_info_enum_new";

    "alsactl_elem_info_bytes_get_type";
    "alsactl_elem_info_bytes_new";

    "alsactl_elem_info_iec60958_get_type";
    "alsactl_elem_info_iec60958_new";

    "alsactl_elem_info_int64_get_type";
    "alsactl_elem_info_int64_new";

    "alsactl_elem_value_get_type";
    "alsactl_elem_value_new";
    "alsactl_elem_value_set_bool";
    "alsactl_elem_value_get_bool";
    "alsactl_elem_value_set_int";
    "alsactl_elem_value_get_int";
    "alsactl_elem_value_set_enum";
    "alsactl_elem_value_get_enum";
    "alsactl_elem_value_set_bytes";
    "alsactl_elem_value_get_bytes";
    "alsactl_elem_value_set_iec60958";
    "alsactl_elem_value_get_iec60958";
    "alsactl_elem_value_set_int64";
    "alsactl_elem_value_get_int64";
    "alsactl_elem_value_equal";
  local:
    *;
};
