ALSA_GOBJECT_0_0_0 {
  global:
    "alsaseq_specific_address_get_type";
    "alsaseq_specific_client_id_get_type";
    "alsaseq_client_type_get_type";
    "alsaseq_filter_attr_flag_get_type";
    "alsaseq_specific_port_id_get_type";
    "alsaseq_port_cap_flag_get_type";
    "alsaseq_port_attr_flag_get_type";
    "alsaseq_event_type_get_type";
    "alsaseq_event_timestamp_mode_get_type";
    "alsaseq_event_time_mode_get_type";
    "alsaseq_event_length_mode_get_type";
    "alsaseq_event_priority_mode_get_type";
    "alsaseq_specific_queue_id_get_type";
    "alsaseq_port_subscribe_flag_get_type";
    "alsaseq_query_subscribe_type_get_type";
    "alsaseq_queue_timer_type_get_type";
    "alsaseq_remove_filter_flag_get_type";

    "alsaseq_get_seq_sysname";
    "alsaseq_get_seq_devnode";
    "alsaseq_get_system_info";
    "alsaseq_get_client_id_list";
    "alsaseq_get_client_info";
    "alsaseq_get_port_id_list";
    "alsaseq_get_port_info";
    "alsaseq_get_client_pool";
    "alsaseq_get_subscription_list";
    "alsaseq_get_queue_id_list";
    "alsaseq_get_queue_info_by_id";
    "alsaseq_get_queue_info_by_name";
    "alsaseq_get_queue_status";

    "alsaseq_system_info_get_type";

    "alsaseq_client_info_get_type";
    "alsaseq_client_info_new";
    "alsaseq_client_info_set_event_filter";
    "alsaseq_client_info_get_event_filter";

    "alsaseq_user_client_get_type";
    "alsaseq_user_client_new";
    "alsaseq_user_client_open";
    "alsaseq_user_client_set_info";
    "alsaseq_user_client_get_info";
    "alsaseq_user_client_create_port";
    "alsaseq_user_client_update_port";
    "alsaseq_user_client_delete_port";
    "alsaseq_user_client_set_pool";
    "alsaseq_user_client_get_pool";
    "alsaseq_user_client_schedule_event";
    "alsaseq_user_client_create_source";
    "alsaseq_user_client_operate_subscription";
    "alsaseq_user_client_create_queue";
    "alsaseq_user_client_delete_queue";
    "alsaseq_user_client_update_queue";
    "alsaseq_user_client_get_queue_usage";
    "alsaseq_user_client_set_queue_usage";
    "alsaseq_user_client_set_queue_tempo";
    "alsaseq_user_client_get_queue_tempo";

    "alsaseq_addr_get_type";
    "alsaseq_addr_new";
    "alsaseq_addr_get_client_id";
    "alsaseq_addr_get_port_id";

    "alsaseq_port_info_get_type";
    "alsaseq_port_info_new";

    "alsaseq_client_pool_get_type";

    "alsaseq_tstamp_get_type";
    "alsaseq_tstamp_get_tick_time";
    "alsaseq_tstamp_set_tick_time";
    "alsaseq_tstamp_get_real_time";
    "alsaseq_tstamp_set_real_time";

    "alsaseq_event_get_type";

    "alsaseq_event_fixed_get_type";
    "alsaseq_event_fixed_new";
    "alsaseq_event_fixed_get_byte_data";
    "alsaseq_event_fixed_set_byte_data";
    "alsaseq_event_fixed_get_quadlet_data";
    "alsaseq_event_fixed_set_quadlet_data";

    "alsaseq_event_variable_get_type";
    "alsaseq_event_variable_new";
    "alsaseq_event_variable_get_data";
    "alsaseq_event_variable_set_data";

    "alsaseq_event_data_result_get_type";
    "alsaseq_event_data_result_get_event";
    "alsaseq_event_data_result_set_event";
    "alsaseq_event_data_result_get_result";
    "alsaseq_event_data_result_set_result";

    "alsaseq_event_data_note_get_type";
    "alsaseq_event_data_note_get_channel";
    "alsaseq_event_data_note_set_channel";
    "alsaseq_event_data_note_get_note";
    "alsaseq_event_data_note_set_note";
    "alsaseq_event_data_note_get_velocity";
    "alsaseq_event_data_note_set_velocity";
    "alsaseq_event_data_note_get_off_velocity";
    "alsaseq_event_data_note_set_off_velocity";
    "alsaseq_event_data_note_get_duration";
    "alsaseq_event_data_note_set_duration";

    "alsaseq_event_data_ctl_get_type";
    "alsaseq_event_data_ctl_get_channel";
    "alsaseq_event_data_ctl_set_channel";
    "alsaseq_event_data_ctl_get_param";
    "alsaseq_event_data_ctl_set_param";
    "alsaseq_event_data_ctl_get_value";
    "alsaseq_event_data_ctl_set_value";

    "alsaseq_event_data_queue_get_type";
    "alsaseq_event_data_queue_get_queue_id";
    "alsaseq_event_data_queue_set_queue_id";
    "alsaseq_event_data_queue_get_value_param";
    "alsaseq_event_data_queue_set_value_param";
    "alsaseq_event_data_queue_get_tstamp_param";
    "alsaseq_event_data_queue_set_tstamp_param";
    "alsaseq_event_data_queue_get_position_param";
    "alsaseq_event_data_queue_set_position_param";
    "alsaseq_event_data_queue_get_skew_param";
    "alsaseq_event_data_queue_set_skew_param";
    "alsaseq_event_data_queue_get_quadlet_param";
    "alsaseq_event_data_queue_set_quadlet_param";
    "alsaseq_event_data_queue_get_byte_param";
    "alsaseq_event_data_queue_set_byte_param";

    "alsaseq_event_data_connect_get_type";
    "alsaseq_event_data_connect_get_src";
    "alsaseq_event_data_connect_set_src";
    "alsaseq_event_data_connect_get_dst";
    "alsaseq_event_data_connect_set_dst";

    "alsaseq_subscribe_data_get_type";
    "alsaseq_subscribe_data_new";

    "alsaseq_queue_info_get_type";
    "alsaseq_queue_info_new";

    "alsaseq_queue_status_get_type";
    "alsaseq_queue_status_get_tick_time";
    "alsaseq_queue_status_get_real_time";

    "alsaseq_queue_tempo_get_type";
    "alsaseq_queue_tempo_new";
    "alsaseq_queue_tempo_get_skew";
    "alsaseq_queue_tempo_set_skew";

    "alsaseq_queue_timer_get_type";

    "alsaseq_queue_timer_alsa_get_type";
    "alsaseq_queue_timer_alsa_new";
  local:
    *;
};
